###############################################################################
#
# IAR ELF Linker V8.32.1.169/W32 for ARM                  15/Mar/2024  12:33:04
# Copyright 2007-2018 IAR Systems AB.
#
#    Output file  =  
#        D:\Work\2.
#        ECMO\Firmware\Controller\trunk\EWARM\Debug\Exe\CoretexM3.out
#    Map file     =  
#        D:\Work\2.
#        ECMO\Firmware\Controller\trunk\EWARM\Debug\List\CoretexM3.map
#    Command line =  
#        -f C:\Users\autob\AppData\Local\Temp\EWBDBC.tmp ("D:\Work\2.
#        ECMO\Firmware\Controller\trunk\EWARM\Debug\Obj\ADC108S022.o"
#        "D:\Work\2. ECMO\Firmware\Controller\trunk\EWARM\Debug\Obj\AppData.o"
#        "D:\Work\2. ECMO\Firmware\Controller\trunk\EWARM\Debug\Obj\AppParam.o"
#        "D:\Work\2. ECMO\Firmware\Controller\trunk\EWARM\Debug\Obj\Buzzer.o"
#        "D:\Work\2. ECMO\Firmware\Controller\trunk\EWARM\Debug\Obj\cmsis_os.o"
#        "D:\Work\2.
#        ECMO\Firmware\Controller\trunk\EWARM\Debug\Obj\ControlTask.o"
#        "D:\Work\2. ECMO\Firmware\Controller\trunk\EWARM\Debug\Obj\croutine.o"
#        "D:\Work\2. ECMO\Firmware\Controller\trunk\EWARM\Debug\Obj\DAC8568.o"
#        "D:\Work\2. ECMO\Firmware\Controller\trunk\EWARM\Debug\Obj\DIO.o"
#        "D:\Work\2.
#        ECMO\Firmware\Controller\trunk\EWARM\Debug\Obj\event_groups.o"
#        "D:\Work\2. ECMO\Firmware\Controller\trunk\EWARM\Debug\Obj\flash_if.o"
#        "D:\Work\2. ECMO\Firmware\Controller\trunk\EWARM\Debug\Obj\heap_4.o"
#        "D:\Work\2. ECMO\Firmware\Controller\trunk\EWARM\Debug\Obj\II2C.o"
#        "D:\Work\2. ECMO\Firmware\Controller\trunk\EWARM\Debug\Obj\ISPI.o"
#        "D:\Work\2. ECMO\Firmware\Controller\trunk\EWARM\Debug\Obj\ITIMER.o"
#        "D:\Work\2. ECMO\Firmware\Controller\trunk\EWARM\Debug\Obj\IUART.o"
#        "D:\Work\2. ECMO\Firmware\Controller\trunk\EWARM\Debug\Obj\LED.o"
#        "D:\Work\2. ECMO\Firmware\Controller\trunk\EWARM\Debug\Obj\list.o"
#        "D:\Work\2. ECMO\Firmware\Controller\trunk\EWARM\Debug\Obj\main.o"
#        "D:\Work\2. ECMO\Firmware\Controller\trunk\EWARM\Debug\Obj\MCP23S08.o"
#        "D:\Work\2. ECMO\Firmware\Controller\trunk\EWARM\Debug\Obj\port.o"
#        "D:\Work\2. ECMO\Firmware\Controller\trunk\EWARM\Debug\Obj\portasm.o"
#        "D:\Work\2. ECMO\Firmware\Controller\trunk\EWARM\Debug\Obj\queue.o"
#        "D:\Work\2. ECMO\Firmware\Controller\trunk\EWARM\Debug\Obj\Seq.o"
#        "D:\Work\2.
#        ECMO\Firmware\Controller\trunk\EWARM\Debug\Obj\SerialComm.o"
#        "D:\Work\2.
#        ECMO\Firmware\Controller\trunk\EWARM\Debug\Obj\SerialCommTask.o"
#        "D:\Work\2.
#        ECMO\Firmware\Controller\trunk\EWARM\Debug\Obj\startup_stm32f103xe.o"
#        "D:\Work\2.
#        ECMO\Firmware\Controller\trunk\EWARM\Debug\Obj\stm32f1xx_hal.o"
#        "D:\Work\2.
#        ECMO\Firmware\Controller\trunk\EWARM\Debug\Obj\stm32f1xx_hal_adc.o"
#        "D:\Work\2.
#        ECMO\Firmware\Controller\trunk\EWARM\Debug\Obj\stm32f1xx_hal_adc_ex.o"
#        "D:\Work\2.
#        ECMO\Firmware\Controller\trunk\EWARM\Debug\Obj\stm32f1xx_hal_cortex.o"
#        "D:\Work\2.
#        ECMO\Firmware\Controller\trunk\EWARM\Debug\Obj\stm32f1xx_hal_dma.o"
#        "D:\Work\2.
#        ECMO\Firmware\Controller\trunk\EWARM\Debug\Obj\stm32f1xx_hal_flash.o"
#        "D:\Work\2.
#        ECMO\Firmware\Controller\trunk\EWARM\Debug\Obj\stm32f1xx_hal_flash_ex.o"
#        "D:\Work\2.
#        ECMO\Firmware\Controller\trunk\EWARM\Debug\Obj\stm32f1xx_hal_gpio.o"
#        "D:\Work\2.
#        ECMO\Firmware\Controller\trunk\EWARM\Debug\Obj\stm32f1xx_hal_i2c.o"
#        "D:\Work\2.
#        ECMO\Firmware\Controller\trunk\EWARM\Debug\Obj\stm32f1xx_hal_rcc.o"
#        "D:\Work\2.
#        ECMO\Firmware\Controller\trunk\EWARM\Debug\Obj\stm32f1xx_hal_rcc_ex.o"
#        "D:\Work\2.
#        ECMO\Firmware\Controller\trunk\EWARM\Debug\Obj\stm32f1xx_hal_spi.o"
#        "D:\Work\2.
#        ECMO\Firmware\Controller\trunk\EWARM\Debug\Obj\stm32f1xx_hal_spi_ex.o"
#        "D:\Work\2.
#        ECMO\Firmware\Controller\trunk\EWARM\Debug\Obj\stm32f1xx_hal_sram.o"
#        "D:\Work\2.
#        ECMO\Firmware\Controller\trunk\EWARM\Debug\Obj\stm32f1xx_hal_tim.o"
#        "D:\Work\2.
#        ECMO\Firmware\Controller\trunk\EWARM\Debug\Obj\stm32f1xx_hal_tim_ex.o"
#        "D:\Work\2.
#        ECMO\Firmware\Controller\trunk\EWARM\Debug\Obj\stm32f1xx_hal_timebase_tim.o"
#        "D:\Work\2.
#        ECMO\Firmware\Controller\trunk\EWARM\Debug\Obj\stm32f1xx_hal_uart.o"
#        "D:\Work\2.
#        ECMO\Firmware\Controller\trunk\EWARM\Debug\Obj\stm32f1xx_it.o"
#        "D:\Work\2.
#        ECMO\Firmware\Controller\trunk\EWARM\Debug\Obj\stm32f1xx_ll_fsmc.o"
#        "D:\Work\2.
#        ECMO\Firmware\Controller\trunk\EWARM\Debug\Obj\system_stm32f1xx.o"
#        "D:\Work\2. ECMO\Firmware\Controller\trunk\EWARM\Debug\Obj\TaskInit.o"
#        "D:\Work\2. ECMO\Firmware\Controller\trunk\EWARM\Debug\Obj\tasks.o"
#        "D:\Work\2. ECMO\Firmware\Controller\trunk\EWARM\Debug\Obj\timers.o"
#        "D:\Work\2. ECMO\Firmware\Controller\trunk\EWARM\Debug\Obj\Util.o"
#        --no_out_extension -o "D:\Work\2.
#        ECMO\Firmware\Controller\trunk\EWARM\Debug\Exe\CoretexM3.out" --map
#        "D:\Work\2.
#        ECMO\Firmware\Controller\trunk\EWARM\Debug\List\CoretexM3.map"
#        --config "C:\Program Files (x86)\IAR Systems\Embedded Workbench
#        8.2\arm\config\linker\ST\stm32f103xC.icf" --semihosting --entry
#        __iar_program_start --vfe --text_out locale)
#
###############################################################################

*******************************************************************************
*** RUNTIME MODEL ATTRIBUTES
***

CppFlavor       = *
__Heap_Handler  = DLMalloc
__SystemLibrary = DLib
__dlib_version  = 6


*******************************************************************************
*** HEAP SELECTION
***

The advanced heap was selected because the application calls memory
allocation functions outside of system library functions, and there
are calls to deallocation functions in the application.


*******************************************************************************
*** PLACEMENT SUMMARY
***

"A0":  place at 0x800'0000 { ro section .intvec };
"P1":  place in [from 0x800'0000 to 0x803'ffff] { ro };
define block CSTACK with size = 4K, alignment = 8 { };
define block HEAP with size = 4K, alignment = 8 { };
"P2":  place in [from 0x2000'0000 to 0x2000'bfff] {
          rw, block CSTACK, block HEAP };
initialize by copy { rw };

  Section            Kind         Address    Size  Object
  -------            ----         -------    ----  ------
"A0":                                       0x130
  .intvec            ro code   0x800'0000   0x130  startup_stm32f103xe.o [1]
                             - 0x800'0130   0x130

"P1":                                      0xb620
  .text              ro code   0x800'0130  0x14e0  dlmalloc.o [2]
  .text              ro code   0x800'1610     0x6  abort.o [2]
  .text              ro code   0x800'1616    0x7a  lz77_init_single.o [4]
  .text              ro code   0x800'1690    0x2c  xgetmemchunk.o [2]
  .text              ro code   0x800'16bc    0x14  exit.o [5]
  .text              ro code   0x800'16d0  0x1068  SerialCommTask.o [1]
  .text              ro code   0x800'2738    0xa6  ABImemcpy.o [4]
  .text              ro code   0x800'27de    0x3a  zero_init3.o [4]
  .text              ro code   0x800'2818    0x5e  cmsis_os.o [1]
  .text              ro code   0x800'2876     0xa  xsprout.o [2]
  .text              ro code   0x800'2880   0x274  SerialComm.o [1]
  .text              ro code   0x800'2af4    0x36  strlen.o [4]
  .rodata            const     0x800'2b2a     0x2  stm32f1xx_hal_rcc.o [1]
  .text              ro code   0x800'2b2c   0x404  strto64.o [3]
  .text              ro code   0x800'2f30   0x1a2  DblMul.o [3]
  .text              ro code   0x800'30d4    0x3a  DblToS32.o [3]
  .text              ro code   0x800'310e     0x4  heaptramp0.o [2]
  .text              ro code   0x800'3114   0x14c  AppParam.o [1]
  .text              ro code   0x800'3260    0x22  S32ToDbl.o [3]
  .text              ro code   0x800'3284   0x246  DblDiv.o [3]
  .text              ro code   0x800'34cc    0x68  DblToFlt.o [3]
  .text              ro code   0x800'3534    0x48  FltToDbl.o [3]
  .text              ro code   0x800'357c    0x2a  FltToS32.o [3]
  .text              ro code   0x800'35a8    0x1c  U32ToFlt.o [3]
  .text              ro code   0x800'35c4    0x24  S32ToFlt.o [3]
  .text              ro code   0x800'35e8    0xfc  FltDiv.o [3]
  .text              ro code   0x800'36e4    0xd8  FltMul.o [3]
  .text              ro code   0x800'37bc    0x40  sprintf.o [2]
  .text              ro code   0x800'37fc    0x94  DIO.o [1]
  .text              ro code   0x800'3890    0xe2  FltAdd.o [3]
  .text              ro code   0x800'3974     0xc  stm32f1xx_hal.o [1]
  .text              ro code   0x800'3980    0x66  ABImemset.o [4]
  .text              ro code   0x800'39e8   0xa70  tasks.o [1]
  .text              ro code   0x800'4458   0x1e0  port.o [1]
  .text              ro code   0x800'4638    0x24  FltCmpLe.o [3]
  .text              ro code   0x800'465c   0xb2a  IUART.o [1]
  .text              ro code   0x800'5188    0x70  frexp.o [3]
  .text              ro code   0x800'51f8   0x13a  ldexp.o [3]
  .text              ro code   0x800'5332   0x122  iar_Stopfx.o [2]
  .text              ro code   0x800'5454   0x1c4  iar_Stoflt.o [2]
  .text              ro code   0x800'5618   0x17a  DblAdd.o [3]
  .text              ro code   0x800'5794   0x21c  iar_Stoxflt.o [2]
  .text              ro code   0x800'59b0   0x1b0  II2C.o [1]
  .text              ro code   0x800'5b60   0xc16  xprintflarge_nomb.o [2]
  .text              ro code   0x800'6778     0x6  ABImemclr4.o [4]
  .text              ro code   0x800'6780   0x2c4  stm32f1xx_hal_gpio.o [1]
  .text              ro code   0x800'6a44    0x74  FltSub.o [3]
  .text              ro code   0x800'6ab8   0x278  heap_4.o [1]
  .text              ro code   0x800'6d30    0x9a  list.o [1]
  .text              ro code   0x800'6dcc   0x424  timers.o [1]
  CODE               ro code   0x800'71f0    0x88  portasm.o [1]
  .text              ro code   0x800'7278   0x206  stm32f1xx_hal_uart.o [1]
  .text              ro code   0x800'7480   0x104  stm32f1xx_hal_cortex.o [1]
  .text              ro code   0x800'7584    0x14  isspace.o [2]
  .text              ro code   0x800'7598    0x14  isalpha.o [2]
  .text              ro code   0x800'75ac    0x40  xlocale_c.o [2]
  .text              ro code   0x800'75ec    0xe2  DblSub.o [3]
  .text              ro code   0x800'76d0    0x58  memchr.o [4]
  .text              ro code   0x800'7728   0xb30  stm32f1xx_hal_i2c.o [1]
  .text              ro code   0x800'8258    0x16  strchr.o [4]
  .text              ro code   0x800'8270    0x40  xfail_s.o [2]
  .text              ro code   0x800'82b0   0x230  I64DivMod.o [4]
  .text              ro code   0x800'84e0    0x28  DblToU32.o [3]
  .text              ro code   0x800'8508    0x1a  U32ToDbl.o [3]
  .text              ro code   0x800'8524    0x32  ABImemset48.o [4]
  .text              ro code   0x800'8558   0x770  queue.o [1]
  .text              ro code   0x800'8cc8   0x690  stm32f1xx_hal_rcc.o [1]
  .text              ro code   0x800'9358     0x2  I64DivZer.o [4]
  .text              ro code   0x800'935c    0xbc  stm32f1xx_hal_timebase_tim.o [1]
  .text              ro code   0x800'9418   0x272  stm32f1xx_hal_tim.o [1]
  .text              ro code   0x800'968c    0x18  stm32f1xx_hal.o [1]
  .text              ro code   0x800'96a4     0x2  stm32f1xx_hal_tim.o [1]
  .text              ro code   0x800'96a6     0x2  stm32f1xx_hal_tim.o [1]
  .text              ro code   0x800'96a8     0x2  stm32f1xx_hal_tim.o [1]
  .text              ro code   0x800'96aa     0x2  stm32f1xx_hal_tim_ex.o [1]
  .text              ro code   0x800'96ac     0x2  stm32f1xx_hal_tim.o [1]
  .text              ro code   0x800'96ae     0x2  stm32f1xx_hal_tim_ex.o [1]
  .text              ro code   0x800'96b0   0xff0  Seq.o [1]
  .text              ro code   0x800'a6a0   0x37e  DAC8568.o [1]
  .text              ro code   0x800'aa1e    0x58  ADC108S022.o [1]
  .text              ro code   0x800'aa76    0xf4  MCP23S08.o [1]
  .text              ro code   0x800'ab6c    0x24  FltCmpGe.o [3]
  .text              ro code   0x800'ab90   0x24c  ISPI.o [1]
  .text              ro code   0x800'addc    0x3e  Util.o [1]
  .text              ro code   0x800'ae1c    0x98  stm32f1xx_hal_spi_ex.o [1]
  .text              ro code   0x800'aeb4     0x2  stm32f1xx_hal_spi.o [1]
  .text              ro code   0x800'aeb8   0x1c4  ControlTask.o [1]
  .text              ro code   0x800'b07c    0xf4  LED.o [1]
  .text              ro code   0x800'b170    0xa8  TaskInit.o [1]
  .text              ro code   0x800'b218    0x50  Buzzer.o [1]
  .text              ro code   0x800'b268    0x82  main.o [1]
  .text              ro code   0x800'b2ec    0x22  stm32f1xx_hal.o [1]
  .text              ro code   0x800'b310    0x58  system_stm32f1xx.o [1]
  .rodata            const     0x800'b368    0x48  strto64.o [3]
  .text              ro code   0x800'b3b0    0x34  ITIMER.o [1]
  .text              ro code   0x800'b3e4    0x28  data_init.o [4]
  .iar.init_table    const     0x800'b40c    0x20  - Linker created -
  .text              ro code   0x800'b42c    0x20  stm32f1xx_it.o [1]
  .text              ro code   0x800'b44c    0x1e  cmain.o [4]
  .text              ro code   0x800'b46a     0x4  low_level_init.o [2]
  .text              ro code   0x800'b46e     0x4  exit.o [2]
  .text              ro code   0x800'b474     0xa  cexit.o [4]
  .rodata            const     0x800'b480    0x14  ControlTask.o [1]
  .rodata            const     0x800'b494    0x14  SerialCommTask.o [1]
  .rodata            const     0x800'b4a8    0x14  TaskInit.o [1]
  .rodata            const     0x800'b4bc    0x10  SerialCommTask.o [1]
  .rodata            const     0x800'b4cc    0x10  SerialCommTask.o [1]
  .rodata            const     0x800'b4dc    0x10  SerialCommTask.o [1]
  .rodata            const     0x800'b4ec    0x10  SerialCommTask.o [1]
  .rodata            const     0x800'b4fc    0x10  SerialCommTask.o [1]
  .rodata            const     0x800'b50c    0x10  SerialCommTask.o [1]
  .rodata            const     0x800'b51c    0x10  SerialCommTask.o [1]
  .rodata            const     0x800'b52c    0x10  SerialCommTask.o [1]
  .rodata            const     0x800'b53c    0x10  SerialCommTask.o [1]
  .rodata            const     0x800'b54c    0x10  stm32f1xx_hal_rcc.o [1]
  .rodata            const     0x800'b55c    0x10  system_stm32f1xx.o [1]
  .rodata            const     0x800'b56c    0x10  TaskInit.o [1]
  .text              ro code   0x800'b57c    0x10  startup_stm32f103xe.o [1]
  .rodata            const     0x800'b58c     0xc  SerialCommTask.o [1]
  .rodata            const     0x800'b598     0xc  SerialCommTask.o [1]
  .rodata            const     0x800'b5a4     0xc  SerialCommTask.o [1]
  .rodata            const     0x800'b5b0     0xc  SerialCommTask.o [1]
  .rodata            const     0x800'b5bc     0xc  SerialCommTask.o [1]
  .rodata            const     0x800'b5c8     0xc  SerialCommTask.o [1]
  .rodata            const     0x800'b5d4     0xc  SerialCommTask.o [1]
  .text              ro code   0x800'b5e0     0xc  cstartup_M.o [4]
  .rodata            const     0x800'b5ec     0x8  ControlTask.o [1]
  .rodata            const     0x800'b5f4     0x8  SerialCommTask.o [1]
  .rodata            const     0x800'b5fc     0x8  SerialCommTask.o [1]
  .rodata            const     0x800'b604     0x8  system_stm32f1xx.o [1]
  .rodata            const     0x800'b60c     0x8  tasks.o [1]
  .rodata            const     0x800'b614     0x8  timers.o [1]
  .rodata            const     0x800'b61c     0x8  timers.o [1]
  .rodata            const     0x800'b624     0x6  xlocale_c.o [2]
  .rodata            const     0x800'b62c     0x4  heap_4.o [1]
  .rodata            const     0x800'b630     0x4  port.o [1]
  .text              ro code   0x800'b634     0x4  startup_stm32f103xe.o [1]
  .text              ro code   0x800'b638     0x4  startup_stm32f103xe.o [1]
  .text              ro code   0x800'b63c     0x4  startup_stm32f103xe.o [1]
  .text              ro code   0x800'b640     0x4  startup_stm32f103xe.o [1]
  .text              ro code   0x800'b644     0x4  startup_stm32f103xe.o [1]
  .text              ro code   0x800'b648     0x4  startup_stm32f103xe.o [1]
  .text              ro code   0x800'b64c     0x4  startup_stm32f103xe.o [1]
  .text              ro code   0x800'b650     0x4  startup_stm32f103xe.o [1]
  .text              ro code   0x800'b654     0x4  startup_stm32f103xe.o [1]
  .text              ro code   0x800'b658     0x4  startup_stm32f103xe.o [1]
  .text              ro code   0x800'b65c     0x4  startup_stm32f103xe.o [1]
  .text              ro code   0x800'b660     0x4  startup_stm32f103xe.o [1]
  .text              ro code   0x800'b664     0x4  startup_stm32f103xe.o [1]
  .text              ro code   0x800'b668     0x4  startup_stm32f103xe.o [1]
  .text              ro code   0x800'b66c     0x4  startup_stm32f103xe.o [1]
  .text              ro code   0x800'b670     0x4  startup_stm32f103xe.o [1]
  .text              ro code   0x800'b674     0x4  startup_stm32f103xe.o [1]
  .text              ro code   0x800'b678     0x4  startup_stm32f103xe.o [1]
  .text              ro code   0x800'b67c     0x4  startup_stm32f103xe.o [1]
  .text              ro code   0x800'b680     0x4  startup_stm32f103xe.o [1]
  .text              ro code   0x800'b684     0x4  startup_stm32f103xe.o [1]
  .text              ro code   0x800'b688     0x4  startup_stm32f103xe.o [1]
  .text              ro code   0x800'b68c     0x4  startup_stm32f103xe.o [1]
  .text              ro code   0x800'b690     0x4  startup_stm32f103xe.o [1]
  .text              ro code   0x800'b694     0x4  startup_stm32f103xe.o [1]
  .text              ro code   0x800'b698     0x4  startup_stm32f103xe.o [1]
  .text              ro code   0x800'b69c     0x4  startup_stm32f103xe.o [1]
  .text              ro code   0x800'b6a0     0x4  startup_stm32f103xe.o [1]
  .text              ro code   0x800'b6a4     0x4  startup_stm32f103xe.o [1]
  .text              ro code   0x800'b6a8     0x4  startup_stm32f103xe.o [1]
  .text              ro code   0x800'b6ac     0x4  startup_stm32f103xe.o [1]
  .text              ro code   0x800'b6b0     0x4  startup_stm32f103xe.o [1]
  .text              ro code   0x800'b6b4     0x4  startup_stm32f103xe.o [1]
  .text              ro code   0x800'b6b8     0x4  startup_stm32f103xe.o [1]
  .text              ro code   0x800'b6bc     0x4  startup_stm32f103xe.o [1]
  .text              ro code   0x800'b6c0     0x4  startup_stm32f103xe.o [1]
  .text              ro code   0x800'b6c4     0x4  startup_stm32f103xe.o [1]
  .text              ro code   0x800'b6c8     0x4  startup_stm32f103xe.o [1]
  .text              ro code   0x800'b6cc     0x4  startup_stm32f103xe.o [1]
  .text              ro code   0x800'b6d0     0x4  startup_stm32f103xe.o [1]
  .text              ro code   0x800'b6d4     0x4  startup_stm32f103xe.o [1]
  .text              ro code   0x800'b6d8     0x4  startup_stm32f103xe.o [1]
  .text              ro code   0x800'b6dc     0x4  startup_stm32f103xe.o [1]
  .text              ro code   0x800'b6e0     0x4  startup_stm32f103xe.o [1]
  .text              ro code   0x800'b6e4     0x4  startup_stm32f103xe.o [1]
  .text              ro code   0x800'b6e8     0x4  startup_stm32f103xe.o [1]
  .text              ro code   0x800'b6ec     0x4  startup_stm32f103xe.o [1]
  .text              ro code   0x800'b6f0     0x4  startup_stm32f103xe.o [1]
  .text              ro code   0x800'b6f4     0x4  startup_stm32f103xe.o [1]
  .text              ro code   0x800'b6f8     0x4  startup_stm32f103xe.o [1]
  .text              ro code   0x800'b6fc     0x4  startup_stm32f103xe.o [1]
  .text              ro code   0x800'b700     0x4  startup_stm32f103xe.o [1]
  .text              ro code   0x800'b704     0x4  startup_stm32f103xe.o [1]
  .text              ro code   0x800'b708     0x4  startup_stm32f103xe.o [1]
  .rodata            const     0x800'b70c     0x0  zero_init3.o [4]
  .rodata            const     0x800'b70c     0x0  lz77_init_single.o [4]
  Initializer bytes  const     0x800'b70c    0x44  <for P2-1>
                             - 0x800'b750  0xb620

"P2", part 1 of 3:                           0x8c
  P2-1                        0x2000'0000    0x8c  <Init block>
    .data            inited   0x2000'0000     0x4  port.o [1]
    .data            inited   0x2000'0004     0x4  system_stm32f1xx.o [1]
    .data            inited   0x2000'0008    0x38  xlocale_c.o [2]
    .data            inited   0x2000'0040    0x48  xlocale_c.o [2]
    .data            inited   0x2000'0088     0x1  SerialCommTask.o [1]
    .data            inited   0x2000'0089     0x1  SerialCommTask.o [1]
    .data            inited   0x2000'008a     0x1  SerialCommTask.o [1]
    .data            inited   0x2000'008b     0x1  stm32f1xx_hal.o [1]
                            - 0x2000'008c    0x8c

"P2", part 2 of 3:                         0x4250
  .bss               zero     0x2000'008c  0x2800  heap_4.o [1]
  .bss               zero     0x2000'288c   0x20c  IUART.o [1]
  .bss               zero     0x2000'2a98   0x20c  IUART.o [1]
  .bss               zero     0x2000'2ca4   0x20c  IUART.o [1]
  .bss               zero     0x2000'2eb0   0x20c  IUART.o [1]
  .bss               zero     0x2000'30bc   0x20c  IUART.o [1]
  .bss               zero     0x2000'32c8   0x20c  IUART.o [1]
  .bss               zero     0x2000'34d4   0x20c  IUART.o [1]
  .bss               zero     0x2000'36e0   0x20c  IUART.o [1]
  .bss               zero     0x2000'38ec   0x1d8  dlmalloc.o [2]
  .bss               zero     0x2000'3ac4   0x148  AppData.o [1]
  .bss               zero     0x2000'3c0c    0x8c  tasks.o [1]
  .bss               zero     0x2000'3c98    0x68  SerialComm.o [1]
  .bss               zero     0x2000'3d00    0x58  ISPI.o [1]
  .bss               zero     0x2000'3d58    0x58  ISPI.o [1]
  .bss               zero     0x2000'3db0    0x54  II2C.o [1]
  .bss               zero     0x2000'3e04    0x40  ITIMER.o [1]
  .bss               zero     0x2000'3e44    0x40  IUART.o [1]
  .bss               zero     0x2000'3e84    0x40  IUART.o [1]
  .bss               zero     0x2000'3ec4    0x40  IUART.o [1]
  .bss               zero     0x2000'3f04    0x40  IUART.o [1]
  .bss               zero     0x2000'3f44    0x40  queue.o [1]
  .bss               zero     0x2000'3f84    0x40  SerialCommTask.o [1]
  .bss               zero     0x2000'3fc4    0x40  SerialCommTask.o [1]
  .bss               zero     0x2000'4004    0x40  SerialCommTask.o [1]
  .bss               zero     0x2000'4044    0x40  SerialCommTask.o [1]
  .bss               zero     0x2000'4084    0x40  stm32f1xx_hal_timebase_tim.o [1]
  .bss               zero     0x2000'40c4    0x30  AppData.o [1]
  .bss               zero     0x2000'40f4    0x1c  AppData.o [1]
  .bss               zero     0x2000'4110    0x18  AppParam.o [1]
  .bss               zero     0x2000'4128    0x18  dlmalloc.o [2]
  .bss               zero     0x2000'4140    0x14  AppData.o [1]
  .bss               zero     0x2000'4154    0x14  tasks.o [1]
  .bss               zero     0x2000'4168    0x14  tasks.o [1]
  .bss               zero     0x2000'417c    0x14  tasks.o [1]
  .bss               zero     0x2000'4190    0x14  tasks.o [1]
  .bss               zero     0x2000'41a4    0x14  tasks.o [1]
  .bss               zero     0x2000'41b8    0x14  timers.o [1]
  .bss               zero     0x2000'41cc    0x14  timers.o [1]
  .bss               zero     0x2000'41e0    0x10  AppData.o [1]
  .bss               zero     0x2000'41f0    0x10  AppParam.o [1]
  .bss               zero     0x2000'4200     0xc  AppData.o [1]
  .bss               zero     0x2000'420c     0x8  heap_4.o [1]
  .bss               zero     0x2000'4214     0x4  AppData.o [1]
  .bss               zero     0x2000'4218     0x4  AppParam.o [1]
  .bss               zero     0x2000'421c     0x4  heap_4.o [1]
  .bss               zero     0x2000'4220     0x4  heap_4.o [1]
  .bss               zero     0x2000'4224     0x4  heap_4.o [1]
  .bss               zero     0x2000'4228     0x4  heap_4.o [1]
  .bss               zero     0x2000'422c     0x4  ITIMER.o [1]
  .bss               zero     0x2000'4230     0x4  port.o [1]
  .bss               zero     0x2000'4234     0x4  Seq.o [1]
  .bss               zero     0x2000'4238     0x4  Seq.o [1]
  .bss               zero     0x2000'423c     0x4  Seq.o [1]
  .bss               zero     0x2000'4240     0x4  Seq.o [1]
  .bss               zero     0x2000'4244     0x4  SerialComm.o [1]
  .bss               zero     0x2000'4248     0x4  SerialCommTask.o [1]
  .bss               zero     0x2000'424c     0x4  SerialCommTask.o [1]
  .bss               zero     0x2000'4250     0x4  SerialCommTask.o [1]
  .bss               zero     0x2000'4254     0x4  SerialCommTask.o [1]
  .bss               zero     0x2000'4258     0x4  SerialCommTask.o [1]
  .bss               zero     0x2000'425c     0x4  SerialCommTask.o [1]
  .bss               zero     0x2000'4260     0x4  stm32f1xx_hal.o [1]
  .bss               zero     0x2000'4264     0x4  stm32f1xx_it.o [1]
  .bss               zero     0x2000'4268     0x4  TaskInit.o [1]
  .bss               zero     0x2000'426c     0x4  tasks.o [1]
  .bss               zero     0x2000'4270     0x4  tasks.o [1]
  .bss               zero     0x2000'4274     0x4  tasks.o [1]
  .bss               zero     0x2000'4278     0x4  tasks.o [1]
  .bss               zero     0x2000'427c     0x4  tasks.o [1]
  .bss               zero     0x2000'4280     0x4  tasks.o [1]
  .bss               zero     0x2000'4284     0x4  tasks.o [1]
  .bss               zero     0x2000'4288     0x4  tasks.o [1]
  .bss               zero     0x2000'428c     0x4  tasks.o [1]
  .bss               zero     0x2000'4290     0x4  tasks.o [1]
  .bss               zero     0x2000'4294     0x4  tasks.o [1]
  .bss               zero     0x2000'4298     0x4  tasks.o [1]
  .bss               zero     0x2000'429c     0x4  tasks.o [1]
  .bss               zero     0x2000'42a0     0x4  tasks.o [1]
  .bss               zero     0x2000'42a4     0x4  tasks.o [1]
  .bss               zero     0x2000'42a8     0x4  timers.o [1]
  .bss               zero     0x2000'42ac     0x4  timers.o [1]
  .bss               zero     0x2000'42b0     0x4  timers.o [1]
  .bss               zero     0x2000'42b4     0x4  timers.o [1]
  .bss               zero     0x2000'42b8     0x4  timers.o [1]
  .bss               zero     0x2000'42bc     0x4  xgetmemchunk.o [2]
  .bss               zero     0x2000'42c0     0x4  xfail_s.o [2]
  .bss               zero     0x2000'42c4     0x2  Seq.o [1]
  .bss               zero     0x2000'42c6     0x2  Seq.o [1]
  .bss               zero     0x2000'42c8     0x2  SerialCommTask.o [1]
  .bss               zero     0x2000'42ca     0x2  SerialCommTask.o [1]
  .bss               zero     0x2000'42cc     0x1  AppData.o [1]
  .bss               zero     0x2000'42cd     0x1  IUART.o [1]
  .bss               zero     0x2000'42ce     0x1  IUART.o [1]
  .bss               zero     0x2000'42cf     0x1  IUART.o [1]
  .bss               zero     0x2000'42d0     0x1  IUART.o [1]
  .bss               zero     0x2000'42d1     0x1  IUART.o [1]
  .bss               zero     0x2000'42d2     0x1  IUART.o [1]
  .bss               zero     0x2000'42d3     0x1  IUART.o [1]
  .bss               zero     0x2000'42d4     0x1  IUART.o [1]
  .bss               zero     0x2000'42d5     0x1  port.o [1]
  .bss               zero     0x2000'42d6     0x1  Seq.o [1]
  .bss               zero     0x2000'42d7     0x1  SerialCommTask.o [1]
  .bss               zero     0x2000'42d8     0x1  SerialCommTask.o [1]
  .bss               zero     0x2000'42d9     0x1  SerialCommTask.o [1]
  .bss               zero     0x2000'42da     0x1  SerialCommTask.o [1]
  .bss               zero     0x2000'42db     0x1  stm32f1xx_hal_spi_ex.o [1]
                            - 0x2000'42dc  0x4250

"P2", part 3 of 3:                         0x2000
  CSTACK                      0x2000'42e0  0x1000  <Block>
    CSTACK           uninit   0x2000'42e0  0x1000  <Block tail>
  HEAP                        0x2000'52e0  0x1000  <Block>
    HEAP             uninit   0x2000'52e0  0x1000  <Block tail>
                            - 0x2000'62e0  0x2000

Unused ranges:

         From           To      Size
         ----           --      ----
   0x800'b750   0x803'ffff  0x3'48b0
  0x2000'42dc  0x2000'42df       0x4
  0x2000'62e0  0x2000'bfff    0x5d20


*******************************************************************************
*** INIT TABLE
***

          Address      Size
          -------      ----
Zero (__iar_zero_init3)
    1 destination range, total size 0x4250:
          0x2000'008c  0x4250

Copy/lz77 (__iar_lz77_init_single3)
    1 source range, total size 0x44 (48% of destination):
           0x800'b70c    0x44
    1 destination range, total size 0x8c:
          0x2000'0000    0x8c



*******************************************************************************
*** MODULE SUMMARY
***

    Module                        ro code  ro data  rw data
    ------                        -------  -------  -------
command line/config:
    -------------------------------------------------------
    Total:

D:\Work\2. ECMO\Firmware\Controller\trunk\EWARM\Debug\Obj: [1]
    ADC108S022.o                       88
    AppData.o                                           457
    AppParam.o                        332                44
    Buzzer.o                           80
    ControlTask.o                     452       28
    DAC8568.o                         894
    DIO.o                             148
    II2C.o                            432                84
    ISPI.o                            588               176
    ITIMER.o                           52                68
    IUART.o                         2 858             4 456
    LED.o                             244
    MCP23S08.o                        244
    Seq.o                           4 080                21
    SerialComm.o                      628               108
    SerialCommTask.o                4 200      265      291
    TaskInit.o                        168       36        4
    Util.o                             62
    cmsis_os.o                         94
    heap_4.o                          632        4   10 264
    list.o                            154
    main.o                            130
    port.o                            480        5        9
    portasm.o                         136
    queue.o                         1 904                64
    startup_stm32f103xe.o             536
    stm32f1xx_hal.o                    70        1        5
    stm32f1xx_hal_cortex.o            260
    stm32f1xx_hal_gpio.o              708
    stm32f1xx_hal_i2c.o             2 864
    stm32f1xx_hal_rcc.o             1 680       18
    stm32f1xx_hal_spi.o                 2
    stm32f1xx_hal_spi_ex.o            152                 1
    stm32f1xx_hal_tim.o               634
    stm32f1xx_hal_tim_ex.o              4
    stm32f1xx_hal_timebase_tim.o      188                64
    stm32f1xx_hal_uart.o              518
    stm32f1xx_it.o                     32                 4
    system_stm32f1xx.o                 88       26        4
    tasks.o                         2 672        8      300
    timers.o                        1 060       16       60
    -------------------------------------------------------
    Total:                         30 548      407   16 484

dl7M_tlf.a: [2]
    abort.o                             6
    dlmalloc.o                      5 344               496
    exit.o                              4
    heaptramp0.o                        4
    iar_Stoflt.o                      452
    iar_Stopfx.o                      290
    iar_Stoxflt.o                     540
    isalpha.o                          20
    isspace.o                          20
    low_level_init.o                    4
    sprintf.o                          64
    xfail_s.o                          64                 4
    xgetmemchunk.o                     44                 4
    xlocale_c.o                        64       69      128
    xprintflarge_nomb.o             3 094
    xsprout.o                          10
    -------------------------------------------------------
    Total:                         10 024       69      632

m7M_tl.a: [3]
    DblAdd.o                          378
    DblDiv.o                          582
    DblMul.o                          418
    DblSub.o                          226
    DblToFlt.o                        104
    DblToS32.o                         58
    DblToU32.o                         40
    FltAdd.o                          226
    FltCmpGe.o                         36
    FltCmpLe.o                         36
    FltDiv.o                          252
    FltMul.o                          216
    FltSub.o                          116
    FltToDbl.o                         72
    FltToS32.o                         42
    S32ToDbl.o                         34
    S32ToFlt.o                         36
    U32ToDbl.o                         26
    U32ToFlt.o                         28
    frexp.o                           112
    ldexp.o                           314
    strto64.o                       1 028       72
    -------------------------------------------------------
    Total:                          4 380       72

rt7M_tl.a: [4]
    ABImemclr4.o                        6
    ABImemcpy.o                       166
    ABImemset.o                       102
    ABImemset48.o                      50
    I64DivMod.o                       560
    I64DivZer.o                         2
    cexit.o                            10
    cmain.o                            30
    cstartup_M.o                       12
    data_init.o                        40
    lz77_init_single.o                122
    memchr.o                           88
    strchr.o                           22
    strlen.o                           54
    zero_init3.o                       58
    -------------------------------------------------------
    Total:                          1 322

shb_l.a: [5]
    exit.o                             20
    -------------------------------------------------------
    Total:                             20

    Gaps                               50        4
    Linker created                              32    8 192
-----------------------------------------------------------
    Grand Total:                   46 344      584   25 308


*******************************************************************************
*** ENTRY LIST
***

Entry                       Address    Size  Type      Object
-----                       -------    ----  ----      ------
.iar.init_table$$Base    0x800'b40c           --   Gb  - Linker created -
.iar.init_table$$Limit   0x800'b42c           --   Gb  - Linker created -
?main                    0x800'b44d          Code  Gb  cmain.o [4]
ADC108S022_GetData       0x800'aa27    0x50  Code  Gb  ADC108S022.o [1]
ADC108S022_Init          0x800'aa1f     0x8  Code  Gb  ADC108S022.o [1]
ADDAInit                 0x800'96b1    0x30  Code  Gb  Seq.o [1]
ADOffset                0x2000'41e0    0x10  Data  Gb  AppData.o [1]
ADUpdate                 0x800'9729    0x48  Code  Gb  Seq.o [1]
AHBPrescTable            0x800'b55c    0x10  Data  Gb  system_stm32f1xx.o [1]
APBPrescTable            0x800'b604     0x8  Data  Gb  system_stm32f1xx.o [1]
AppData                 0x2000'40c4    0x30  Data  Gb  AppData.o [1]
AppParam                0x2000'4110    0x18  Data  Gb  AppParam.o [1]
AppParam_FactorySet      0x800'31e1    0x4a  Code  Gb  AppParam.o [1]
AppParam_Init            0x800'3115    0x28  Code  Gb  AppParam.o [1]
AppParam_Load            0x800'314b     0xe  Code  Gb  AppParam.o [1]
AppParam_Save            0x800'313d     0xe  Code  Gb  AppParam.o [1]
BUZZER_Init              0x800'b219     0x8  Code  Gb  Buzzer.o [1]
BattBuzOnCount          0x2000'42d6     0x1  Data  Gb  Seq.o [1]
BattBuzOnOff             0x800'a5d5    0x7c  Code  Gb  Seq.o [1]
BattPowerLevel           0x800'1d1d    0x5a  Code  Gb  SerialCommTask.o [1]
BattbuzOnTime           0x2000'4234     0x4  Data  Gb  Seq.o [1]
BusFault_Handler         0x800'b433     0x2  Code  Gb  stm32f1xx_it.o [1]
BuzzerOnOff              0x800'a49d   0x132  Code  Gb  Seq.o [1]
CLR_HIGH                 0x800'a751     0xe  Code  Lc  DAC8568.o [1]
CSTACK$$Base            0x2000'42e0           --   Gb  - Linker created -
CSTACK$$Limit           0x2000'52e0           --   Gb  - Linker created -
CheckError               0x800'a2b5   0x1cc  Code  Gb  Seq.o [1]
CheckErrorScreen         0x800'1e79   0x110  Code  Gb  SerialCommTask.o [1]
Cmd_DAC8568              0x800'a90f   0x110  Code  Gb  DAC8568.o [1]
CommState               0x2000'0088     0x1  Data  Gb  SerialCommTask.o [1]
ConfirmNumber           0x2000'4218     0x4  Data  Lc  AppParam.o [1]
ControlTask              0x800'aed3   0x196  Code  Lc  ControlTask.o [1]
ControlTask_Init         0x800'aeb9    0x1a  Code  Gb  ControlTask.o [1]
ConvStrToInt             0x800'17a7   0x196  Code  Gb  SerialCommTask.o [1]
DAC8568_Init             0x800'a6a1     0x8  Code  Gb  DAC8568.o [1]
DAC8568_Out              0x800'a791   0x17e  Code  Gb  DAC8568.o [1]
DAUpdate                 0x800'96e1    0x48  Code  Gb  Seq.o [1]
DIO_Init                 0x800'37fd     0x8  Code  Gb  DIO.o [1]
DP102CalToBar            0x800'19e7    0x60  Code  Gb  SerialCommTask.o [1]
DebugMon_Handler         0x800'b437     0x2  Code  Gb  stm32f1xx_it.o [1]
Dtentox                  0x800'2c31   0x178  Code  Lc  strto64.o [3]
Emer_On                  0x800'3843    0x16  Code  Gb  DIO.o [1]
ErrorScreen              0x800'1759    0x4e  Code  Gb  SerialCommTask.o [1]
FirstStartDelay         0x2000'42c6     0x2  Data  Gb  Seq.o [1]
FlowAverageVal          0x2000'425c     0x4  Data  Gb  SerialCommTask.o [1]
FlowAvrData              0x800'22f5    0x54  Code  Gb  SerialCommTask.o [1]
FlowBufShift             0x800'28f9    0x1e  Code  Gb  SerialComm.o [1]
FlowParsePacket          0x800'2917    0xce  Code  Gb  SerialComm.o [1]
FlowVal                 0x2000'4140    0x14  Data  Gb  AppData.o [1]
GPIO_Init                0x800'b221    0x3e  Code  Lc  Buzzer.o [1]
GPIO_Init                0x800'a6a9    0x70  Code  Lc  DAC8568.o [1]
GPIO_Init                0x800'3805    0x3e  Code  Lc  DIO.o [1]
GPIO_Init                0x800'4cc9    0xfa  Code  Lc  IUART.o [1]
GPIO_Init                0x800'b085    0x62  Code  Lc  LED.o [1]
GetCRCOut                0x800'2881    0x4a  Code  Gb  SerialComm.o [1]
GetConfirmNumber         0x800'322b    0x10  Code  Lc  AppParam.o [1]
Global                  0x2000'3ac4   0x148  Data  Gb  AppData.o [1]
GraphEnable              0x800'2239    0xb6  Code  Gb  SerialCommTask.o [1]
HAL_GPIO_Init            0x800'6781   0x23e  Code  Gb  stm32f1xx_hal_gpio.o [1]
HAL_GPIO_ReadPin         0x800'69bf    0x16  Code  Gb  stm32f1xx_hal_gpio.o [1]
HAL_GPIO_TogglePin       0x800'69ef     0xc  Code  Gb  stm32f1xx_hal_gpio.o [1]
HAL_GPIO_WritePin        0x800'69d5    0x1a  Code  Gb  stm32f1xx_hal_gpio.o [1]
HAL_GetTick              0x800'3975     0xc  Code  Wk  stm32f1xx_hal.o [1]
HAL_I2C_Init             0x800'7729   0x17e  Code  Gb  stm32f1xx_hal_i2c.o [1]
HAL_I2C_Mem_Read         0x800'7a45   0x33a  Code  Gb  stm32f1xx_hal_i2c.o [1]
HAL_I2C_Mem_Write        0x800'78b9   0x18c  Code  Gb  stm32f1xx_hal_i2c.o [1]
HAL_IncTick              0x800'968d    0x18  Code  Wk  stm32f1xx_hal.o [1]
HAL_Init                 0x800'b2ed    0x1a  Code  Gb  stm32f1xx_hal.o [1]
HAL_InitTick             0x800'935d    0x9a  Code  Gb  stm32f1xx_hal_timebase_tim.o [1]
HAL_NVIC_EnableIRQ       0x800'7561     0xe  Code  Gb  stm32f1xx_hal_cortex.o [1]
HAL_NVIC_SetPriority     0x800'7537    0x2a  Code  Gb  stm32f1xx_hal_cortex.o [1]
HAL_NVIC_SetPriorityGrouping
                         0x800'752b     0xc  Code  Gb  stm32f1xx_hal_cortex.o [1]
HAL_RCC_ClockConfig      0x800'9089   0x190  Code  Gb  stm32f1xx_hal_rcc.o [1]
HAL_RCC_GetClockConfig   0x800'92bb    0x34  Code  Gb  stm32f1xx_hal_rcc.o [1]
HAL_RCC_GetHCLKFreq      0x800'9289     0x6  Code  Gb  stm32f1xx_hal_rcc.o [1]
HAL_RCC_GetPCLK1Freq     0x800'928f    0x16  Code  Gb  stm32f1xx_hal_rcc.o [1]
HAL_RCC_GetPCLK2Freq     0x800'92a5    0x16  Code  Gb  stm32f1xx_hal_rcc.o [1]
HAL_RCC_GetSysClockFreq
                         0x800'9219    0x70  Code  Gb  stm32f1xx_hal_rcc.o [1]
HAL_RCC_OscConfig        0x800'8cc9   0x3c0  Code  Gb  stm32f1xx_hal_rcc.o [1]
HAL_SPI_Init             0x800'ae1d    0x92  Code  Gb  stm32f1xx_hal_spi_ex.o [1]
HAL_SPI_MspInit          0x800'aeb5     0x2  Code  Wk  stm32f1xx_hal_spi.o [1]
HAL_TIMEx_BreakCallback
                         0x800'96ab     0x2  Code  Wk  stm32f1xx_hal_tim_ex.o [1]
HAL_TIMEx_CommutationCallback
                         0x800'96af     0x2  Code  Wk  stm32f1xx_hal_tim_ex.o [1]
HAL_TIM_Base_Init        0x800'9419    0x38  Code  Gb  stm32f1xx_hal_tim.o [1]
HAL_TIM_Base_Start_IT    0x800'9451    0x1e  Code  Gb  stm32f1xx_hal_tim.o [1]
HAL_TIM_IRQHandler       0x800'946f   0x176  Code  Gb  stm32f1xx_hal_tim.o [1]
HAL_TIM_PeriodElapsedCallback
                         0x800'93f7     0xa  Code  Gb  stm32f1xx_hal_timebase_tim.o [1]
HAL_UART_Init            0x800'7279    0x76  Code  Gb  stm32f1xx_hal_uart.o [1]
HEAP$$Base              0x2000'52e0           --   Gb  - Linker created -
HEAP$$Limit             0x2000'62e0           --   Gb  - Linker created -
HardFault_Handler        0x800'b42f     0x2  Code  Gb  stm32f1xx_it.o [1]
Hardware_Init            0x800'b1a1    0x20  Code  Lc  TaskInit.o [1]
I2CHandle               0x2000'3db0    0x54  Data  Lc  II2C.o [1]
I2C_IsAcknowledgeFailed
                         0x800'8229    0x2e  Code  Lc  stm32f1xx_hal_i2c.o [1]
I2C_RequestMemoryRead    0x800'7e7b   0x174  Code  Lc  stm32f1xx_hal_i2c.o [1]
I2C_RequestMemoryWrite   0x800'7d8d    0xee  Code  Lc  stm32f1xx_hal_i2c.o [1]
I2C_WaitOnBTFFlagUntilTimeout
                         0x800'8175    0x52  Code  Lc  stm32f1xx_hal_i2c.o [1]
I2C_WaitOnFlagUntilTimeout
                         0x800'7ff5    0x8c  Code  Lc  stm32f1xx_hal_i2c.o [1]
I2C_WaitOnMasterAddressFlagUntilTimeout
                         0x800'8081    0xa2  Code  Lc  stm32f1xx_hal_i2c.o [1]
I2C_WaitOnRXNEFlagUntilTimeout
                         0x800'81c7    0x62  Code  Lc  stm32f1xx_hal_i2c.o [1]
I2C_WaitOnTXEFlagUntilTimeout
                         0x800'8123    0x52  Code  Lc  stm32f1xx_hal_i2c.o [1]
IEEE754Convertfloat      0x800'28cb    0x2e  Code  Gb  SerialComm.o [1]
II2C1_GPIO_Init          0x800'5a0d    0x56  Code  Lc  II2C.o [1]
II2C_Init                0x800'59b1    0x5c  Code  Gb  II2C.o [1]
II2C_ReadByte            0x800'5acb    0x80  Code  Gb  II2C.o [1]
II2C_WP_L                0x800'5a63     0xe  Code  Lc  II2C.o [1]
II2C_WriteByte           0x800'5a71    0x5a  Code  Gb  II2C.o [1]
ISPI1_GPIO_Init          0x800'ac59    0x5c  Code  Lc  ISPI.o [1]
ISPI1_Init               0x800'ab91    0x64  Code  Gb  ISPI.o [1]
ISPI1_SendData           0x800'ad6f    0x1e  Code  Gb  ISPI.o [1]
ISPI2_GPIO_Init          0x800'acb5    0x5e  Code  Lc  ISPI.o [1]
ISPI2_Init               0x800'abf5    0x64  Code  Gb  ISPI.o [1]
ISPI2_SendData           0x800'ad8d    0x1e  Code  Gb  ISPI.o [1]
ITIMER3_Callback        0x2000'422c     0x4  Data  Gb  ITIMER.o [1]
IUART1_CheckRecvEnd      0x800'46b5    0x2a  Code  Gb  IUART.o [1]
IUART1_GetRecvSize       0x800'475d     0xc  Code  Gb  IUART.o [1]
IUART1_ReadByte          0x800'488b    0x12  Code  Gb  IUART.o [1]
IUART1_RecvFlag         0x2000'42cd     0x1  Data  Gb  IUART.o [1]
IUART1_RecvTick         0x2000'42ce     0x1  Data  Gb  IUART.o [1]
IUART1_WriteBytes        0x800'478d    0x4a  Code  Gb  IUART.o [1]
IUART2_CheckRecvEnd      0x800'46df    0x2a  Code  Gb  IUART.o [1]
IUART2_GetRecvSize       0x800'4769     0xc  Code  Gb  IUART.o [1]
IUART2_ReadByte          0x800'489d    0x12  Code  Gb  IUART.o [1]
IUART2_RecvFlag         0x2000'42cf     0x1  Data  Gb  IUART.o [1]
IUART2_RecvTick         0x2000'42d0     0x1  Data  Gb  IUART.o [1]
IUART2_WriteBytes        0x800'47d7    0x3c  Code  Gb  IUART.o [1]
IUART3_CheckRecvEnd      0x800'4709    0x2a  Code  Gb  IUART.o [1]
IUART3_GetRecvSize       0x800'4775     0xc  Code  Gb  IUART.o [1]
IUART3_ReadByte          0x800'48af    0x12  Code  Gb  IUART.o [1]
IUART3_RecvFlag         0x2000'42d1     0x1  Data  Gb  IUART.o [1]
IUART3_RecvTick         0x2000'42d2     0x1  Data  Gb  IUART.o [1]
IUART3_WriteBytes        0x800'4813    0x3c  Code  Gb  IUART.o [1]
IUART4_CheckRecvEnd      0x800'4733    0x2a  Code  Gb  IUART.o [1]
IUART4_GetRecvSize       0x800'4781     0xc  Code  Gb  IUART.o [1]
IUART4_ReadByte          0x800'48c1    0x12  Code  Gb  IUART.o [1]
IUART4_RecvFlag         0x2000'42d3     0x1  Data  Gb  IUART.o [1]
IUART4_RecvTick         0x2000'42d4     0x1  Data  Gb  IUART.o [1]
IUART4_WriteBytes        0x800'484f    0x3c  Code  Gb  IUART.o [1]
IUART_Init               0x800'465d    0x58  Code  Gb  IUART.o [1]
LDAC_LOW                 0x800'a75f     0xe  Code  Lc  DAC8568.o [1]
LED_Init                 0x800'b07d     0x8  Code  Gb  LED.o [1]
LED_OnOff                0x800'b0e7    0x5a  Code  Gb  LED.o [1]
LED_Toggle               0x800'b141    0x26  Code  Gb  LED.o [1]
LcdParsePacket           0x800'29e5    0x52  Code  Gb  SerialComm.o [1]
LoadInt                  0x800'5d05    0x7a  Code  Lc  xprintflarge_nomb.o [2]
LogPeriodCnt            0x2000'42ca     0x2  Data  Gb  SerialCommTask.o [1]
LowBattBuzPeriod        0x2000'42c4     0x2  Data  Gb  Seq.o [1]
MCP23S08_Init            0x800'aa77    0x2a  Code  Gb  MCP23S08.o [1]
MCP23S08_RegInit         0x800'aaa1    0x7c  Code  Lc  MCP23S08.o [1]
MCP23S08_SetOut          0x800'ab1d    0x4e  Code  Gb  MCP23S08.o [1]
MOSI_HIGH                0x800'a743     0xe  Code  Lc  DAC8568.o [1]
MOSI_LOW                 0x800'a735     0xe  Code  Lc  DAC8568.o [1]
MatchSetParam            0x800'193d    0x38  Code  Gb  SerialCommTask.o [1]
MemManage_Handler        0x800'b431     0x2  Code  Gb  stm32f1xx_it.o [1]
NMI_Handler              0x800'b42d     0x2  Code  Gb  stm32f1xx_it.o [1]
NVIC_EnableIRQ           0x800'74a9    0x16  Code  Lc  stm32f1xx_hal_cortex.o [1]
NVIC_EncodePriority      0x800'74eb    0x40  Code  Lc  stm32f1xx_hal_cortex.o [1]
NVIC_GetPriorityGrouping
                         0x800'749f     0xa  Code  Lc  stm32f1xx_hal_cortex.o [1]
NVIC_SetPriority         0x800'74bf    0x2c  Code  Lc  stm32f1xx_hal_cortex.o [1]
NVIC_SetPriorityGrouping
                         0x800'7481    0x1e  Code  Lc  stm32f1xx_hal_cortex.o [1]
ParaState               0x2000'008a     0x1  Data  Gb  SerialCommTask.o [1]
PckStr                  0x2000'3c98    0x68  Data  Gb  SerialComm.o [1]
PendSV_Handler           0x800'71f1          Code  Gb  portasm.o [1]
PowerState              0x2000'0089     0x1  Data  Gb  SerialCommTask.o [1]
PumpCycle                0x800'993f   0x71a  Code  Gb  Seq.o [1]
PumpCycleTime           0x2000'4238     0x4  Data  Gb  Seq.o [1]
PumpTick                0x2000'423c     0x4  Data  Gb  Seq.o [1]
PwrState                0x2000'4214     0x4  Data  Gb  AppData.o [1]
Que_Clear                0x800'50d5    0x26  Code  Lc  IUART.o [1]
Que_GetByte              0x800'5139    0x3c  Code  Lc  IUART.o [1]
Que_GetSize              0x800'5175    0x12  Code  Lc  IUART.o [1]
Que_PutByte              0x800'50fb    0x3e  Code  Lc  IUART.o [1]
RCC_Delay                0x800'92ef    0x26  Code  Lc  stm32f1xx_hal_rcc.o [1]
ReadWrite                0x800'98c7    0x78  Code  Gb  Seq.o [1]
RealData                0x2000'40f4    0x1c  Data  Gb  AppData.o [1]
RegCalToBar              0x800'1975    0x72  Code  Gb  SerialCommTask.o [1]
Region$$Table$$Base      0x800'b40c           --   Gb  - Linker created -
Region$$Table$$Limit     0x800'b42c           --   Gb  - Linker created -
RequestFlowData          0x800'1715    0x44  Code  Gb  SerialCommTask.o [1]
SCK_HIGH                 0x800'a727     0xe  Code  Lc  DAC8568.o [1]
SCK_LOW                  0x800'a719     0xe  Code  Lc  DAC8568.o [1]
SPI1_CSH                 0x800'ad33     0xe  Code  Gb  ISPI.o [1]
SPI1_CSL                 0x800'ad41     0xe  Code  Gb  ISPI.o [1]
SPI1_RST_H               0x800'ad13    0x10  Code  Gb  ISPI.o [1]
SPI1_RST_L               0x800'ad23    0x10  Code  Gb  ISPI.o [1]
SPI2_CSH                 0x800'ad4f    0x10  Code  Gb  ISPI.o [1]
SPI2_CSL                 0x800'ad5f    0x10  Code  Gb  ISPI.o [1]
SVC_Handler              0x800'7237          Code  Gb  portasm.o [1]
SYNC_HIGH                0x800'a77b     0xe  Code  Lc  DAC8568.o [1]
SYNC_LOW                 0x800'a76d     0xe  Code  Lc  DAC8568.o [1]
Seq                      0x800'a1ed    0xb0  Code  Gb  Seq.o [1]
SeqCnt                  0x2000'42c8     0x2  Data  Gb  SerialCommTask.o [1]
SerialCommTask           0x800'2385   0x31a  Code  Lc  SerialCommTask.o [1]
SerialCommTask_Init      0x800'16d1    0x44  Code  Gb  SerialCommTask.o [1]
SerialComm_RS232S1_MsgProc
                         0x800'2a77    0x2a  Code  Gb  SerialComm.o [1]
SerialComm_RS232S1_WriteBytes
                        0x2000'424c     0x4  Data  Gb  SerialCommTask.o [1]
SerialComm_RS232S2_MsgProc
                         0x800'2acb    0x2a  Code  Gb  SerialComm.o [1]
SerialComm_RS232S2_WriteBytes
                        0x2000'4254     0x4  Data  Gb  SerialCommTask.o [1]
SerialComm_RS232_MsgProc
                         0x800'2aa1    0x2a  Code  Gb  SerialComm.o [1]
SerialComm_RS232_WriteBytes
                        0x2000'4250     0x4  Data  Gb  SerialCommTask.o [1]
SerialComm_RS485A_MsgProc
                         0x800'2a4d    0x2a  Code  Gb  SerialComm.o [1]
SerialComm_RS485A_WriteBytes
                        0x2000'4248     0x4  Data  Gb  SerialCommTask.o [1]
SetConfirmNumber         0x800'323b    0x14  Code  Lc  AppParam.o [1]
SetParam                0x2000'41f0    0x10  Data  Gb  AppParam.o [1]
SetParam_Load            0x800'3197    0x4a  Code  Gb  AppParam.o [1]
SetParam_Save            0x800'3159    0x3e  Code  Gb  AppParam.o [1]
SetRegPressure           0x800'9771    0x82  Code  Gb  Seq.o [1]
SetVentFlow              0x800'97f3    0xd4  Code  Gb  Seq.o [1]
Smps_On                  0x800'386f    0x18  Code  Gb  DIO.o [1]
Spi1Handle              0x2000'3d00    0x58  Data  Lc  ISPI.o [1]
Spi2Handle              0x2000'3d58    0x58  Data  Lc  ISPI.o [1]
Start_On                 0x800'3859    0x16  Code  Gb  DIO.o [1]
Sum                     0x2000'4258     0x4  Data  Gb  SerialCommTask.o [1]
Sys                     0x2000'4200     0xc  Data  Gb  AppData.o [1]
SysAuto                  0x800'a059   0x194  Code  Gb  Seq.o [1]
SysMoniter_Task          0x800'b1db    0x32  Code  Lc  TaskInit.o [1]
SysMoniter_Task::FreeHeapSize
                        0x2000'4268     0x4  Data  Lc  TaskInit.o [1]
SysMoniter_TaskInit      0x800'b1c1    0x1a  Code  Lc  TaskInit.o [1]
SysTick_Handler          0x800'b439    0x10  Code  Gb  stm32f1xx_it.o [1]
SystemClock_Config       0x800'b27d    0x6e  Code  Gb  main.o [1]
SystemCoreClock         0x2000'0004     0x4  Data  Gb  system_stm32f1xx.o [1]
SystemInit               0x800'b311    0x3e  Code  Gb  system_stm32f1xx.o [1]
TIM2_IRQHandler          0x800'9401     0xa  Code  Gb  stm32f1xx_hal_timebase_tim.o [1]
TIM3_IRQHandler          0x800'b3b1    0x2a  Code  Gb  ITIMER.o [1]
TIM_Base_SetConfig       0x800'95e5    0x90  Code  Gb  stm32f1xx_hal_tim.o [1]
Task_Init                0x800'b171    0x30  Code  Gb  TaskInit.o [1]
Tim3Handle              0x2000'3e04    0x40  Data  Lc  ITIMER.o [1]
TimHandle               0x2000'4084    0x40  Data  Gb  stm32f1xx_hal_timebase_tim.o [1]
UART1_Init               0x800'48d3   0x108  Code  Lc  IUART.o [1]
UART2_Init               0x800'49db    0xfa  Code  Lc  IUART.o [1]
UART3_Init               0x800'4ad5    0xfa  Code  Lc  IUART.o [1]
UART4_IRQHandler         0x800'4fbb    0xa4  Code  Gb  IUART.o [1]
UART4_Init               0x800'4bcf    0xfa  Code  Lc  IUART.o [1]
UART_SetConfig           0x800'72ef   0x184  Code  Lc  stm32f1xx_hal_uart.o [1]
USART1_IRQHandler        0x800'4dc3    0xb0  Code  Gb  IUART.o [1]
USART2_IRQHandler        0x800'4e73    0xa4  Code  Gb  IUART.o [1]
USART3_IRQHandler        0x800'4f17    0xa4  Code  Gb  IUART.o [1]
UTIL_DelayMS             0x800'addd    0x20  Code  Gb  Util.o [1]
UTIL_DelayUS             0x800'adfd    0x1e  Code  Gb  Util.o [1]
UpdateActualValue        0x800'1a47   0x2cc  Code  Gb  SerialCommTask.o [1]
UpdateLog                0x800'1f89    0xe6  Code  Gb  SerialCommTask.o [1]
UpdateParameterGraph     0x800'206f   0x1a2  Code  Gb  SerialCommTask.o [1]
UpdatePowerStatus        0x800'1d77   0x102  Code  Gb  SerialCommTask.o [1]
UsageFault_Handler       0x800'b435     0x2  Code  Gb  stm32f1xx_it.o [1]
_GenldLargeNoMb          0x800'6495   0x24c  Code  Lc  xprintflarge_nomb.o [2]
_LdtobLargeNoMb          0x800'623b   0x232  Code  Lc  xprintflarge_nomb.o [2]
_LitobLargeNoMb          0x800'60eb   0x10a  Code  Lc  xprintflarge_nomb.o [2]
_LocaleC_isalpha         0x800'75b3     0xc  Code  Gb  xlocale_c.o [2]
_LocaleC_islower         0x800'75ad     0x4  Code  Gb  xlocale_c.o [2]
_LocaleC_isspace         0x800'75c9    0x14  Code  Gb  xlocale_c.o [2]
_LocaleC_isupper         0x800'75b1     0x2  Code  Gb  xlocale_c.o [2]
_Locale_lconv           0x2000'0008    0x38  Data  Lc  xlocale_c.o [2]
_PrintfLargeNoMb         0x800'5b61   0x19e  Code  Gb  xprintflarge_nomb.o [2]
_PutcharsLargeNoMb       0x800'66e1    0x2e  Code  Lc  xprintflarge_nomb.o [2]
_PutfldLargeNoMb         0x800'5d7f   0x260  Code  Lc  xprintflarge_nomb.o [2]
_PuttxtLargeNoMb         0x800'5fdf   0x10c  Code  Lc  xprintflarge_nomb.o [2]
_SProut                  0x800'2877     0xa  Code  Gb  xsprout.o [2]
__aeabi_cfcmple          0x800'4639          Code  Gb  FltCmpLe.o [3]
__aeabi_cfrcmple         0x800'ab6d          Code  Gb  FltCmpGe.o [3]
__aeabi_d2f              0x800'34cd          Code  Gb  DblToFlt.o [3]
__aeabi_d2iz             0x800'30d5          Code  Gb  DblToS32.o [3]
__aeabi_d2uiz            0x800'84e1          Code  Gb  DblToU32.o [3]
__aeabi_dadd             0x800'5619          Code  Gb  DblAdd.o [3]
__aeabi_ddiv             0x800'3285          Code  Gb  DblDiv.o [3]
__aeabi_dmul             0x800'2f31          Code  Gb  DblMul.o [3]
__aeabi_dsub             0x800'75ed          Code  Gb  DblSub.o [3]
__aeabi_f2d              0x800'3535          Code  Gb  FltToDbl.o [3]
__aeabi_f2iz             0x800'357d          Code  Gb  FltToS32.o [3]
__aeabi_fadd             0x800'3891          Code  Gb  FltAdd.o [3]
__aeabi_fdiv             0x800'35e9          Code  Gb  FltDiv.o [3]
__aeabi_fmul             0x800'36e5          Code  Gb  FltMul.o [3]
__aeabi_i2d              0x800'3261          Code  Gb  S32ToDbl.o [3]
__aeabi_i2f              0x800'35c5          Code  Gb  S32ToFlt.o [3]
__aeabi_ldiv0            0x800'9359          Code  Gb  I64DivZer.o [4]
__aeabi_memclr4          0x800'6779          Code  Gb  ABImemclr4.o [4]
__aeabi_memcpy           0x800'2739          Code  Gb  ABImemcpy.o [4]
__aeabi_memcpy4          0x800'2759          Code  Gb  ABImemcpy.o [4]
__aeabi_memcpy8          0x800'2759          Code  Gb  ABImemcpy.o [4]
__aeabi_memset           0x800'3981          Code  Gb  ABImemset.o [4]
__aeabi_ui2d             0x800'8509          Code  Gb  U32ToDbl.o [3]
__aeabi_ui2f             0x800'35a9          Code  Gb  U32ToFlt.o [3]
__aeabi_uldivmod         0x800'82b1          Code  Gb  I64DivMod.o [4]
__cmain                  0x800'b44d          Code  Gb  cmain.o [4]
__data_GetMemChunk       0x800'1691    0x2c  Code  Gb  xgetmemchunk.o [2]
__data_GetMemChunk::start
                        0x2000'42bc     0x4  Data  Lc  xgetmemchunk.o [2]
__exit                   0x800'16bd    0x14  Code  Gb  exit.o [5]
__iar_Fail_s             0x800'8271    0x1c  Code  Gb  xfail_s.o [2]
__iar_Memchr             0x800'76d1          Code  Gb  memchr.o [4]
__iar_Memset             0x800'3981          Code  Gb  ABImemset.o [4]
__iar_Memset4_word       0x800'8525          Code  Gb  ABImemset48.o [4]
__iar_Memset8_word       0x800'8525          Code  Gb  ABImemset48.o [4]
__iar_Memset_word        0x800'3989          Code  Gb  ABImemset.o [4]
__iar_Sto64              0x800'2da9   0x152  Code  Gb  strto64.o [3]
__iar_Stoflt             0x800'5455   0x1c4  Code  Gb  iar_Stoflt.o [2]
__iar_Stopfx             0x800'5333   0x122  Code  Gb  iar_Stopfx.o [2]
__iar_Stoxflt            0x800'5795   0x1e6  Code  Gb  iar_Stoxflt.o [2]
__iar_Stoxflt::digits    0x800'5980    0x18  Data  Lc  iar_Stoxflt.o [2]
__iar_Stoxflt::vals      0x800'5998    0x18  Data  Lc  iar_Stoxflt.o [2]
__iar_Strchr             0x800'8259          Code  Gb  strchr.o [4]
__iar_dadd               0x800'75fd          Code  Gb  DblSub.o [3]
__iar_data_init3         0x800'b3e5    0x28  Code  Gb  data_init.o [4]
__iar_dlfree             0x800'110f   0x4f6  Code  Gb  dlmalloc.o [2]
__iar_dlmalloc           0x800'0e59   0x2b6  Code  Gb  dlmalloc.o [2]
__iar_dsub               0x800'5629          Code  Gb  DblAdd.o [3]
__iar_dsubStart          0x800'563b          Code  Gb  DblAdd.o [3]
__iar_fadd               0x800'6a45          Code  Gb  FltSub.o [3]
__iar_frexp              0x800'5195          Code  Gb  frexp.o [3]
__iar_frexp64            0x800'5189          Code  Gb  frexp.o [3]
__iar_frexpl             0x800'5195          Code  Gb  frexp.o [3]
__iar_fsub               0x800'389d          Code  Gb  FltAdd.o [3]
__iar_fsubStart          0x800'38ad          Code  Gb  FltAdd.o [3]
__iar_globLocale        0x2000'0040    0x48  Data  Lc  xlocale_c.o [2]
__iar_global_Locale      0x800'75dd     0x4  Code  Gb  xlocale_c.o [2]
__iar_ldexp64            0x800'51f9          Code  Gb  ldexp.o [3]
__iar_lz77_init_single3
                         0x800'1617    0x7a  Code  Gb  lz77_init_single.o [4]
__iar_program_start      0x800'b5e1          Code  Gb  cstartup_M.o [4]
__iar_scalbln64          0x800'51f9          Code  Gb  ldexp.o [3]
__iar_scalbn64           0x800'51f9          Code  Gb  ldexp.o [3]
__iar_zero_init3         0x800'27df    0x3a  Code  Gb  zero_init3.o [4]
__low_level_init         0x800'b46b     0x4  Code  Gb  low_level_init.o [2]
__vector_table           0x800'0000          Data  Gb  startup_stm32f103xe.o [1]
_call_main               0x800'b459          Code  Gb  cmain.o [4]
_exit                    0x800'b475          Code  Gb  cexit.o [4]
_gm_                    0x2000'38ec   0x1d8  Data  Lc  dlmalloc.o [2]
_main                    0x800'b467          Code  Gb  cmain.o [4]
abort                    0x800'1611     0x6  Code  Gb  abort.o [2]
add_segment              0x800'04f9   0x1f2  Code  Lc  dlmalloc.o [2]
atof                     0x800'2f29     0x8  Code  Gb  strto64.o [3]
bShowBloodScr           0x2000'42da     0x1  Data  Gb  SerialCommTask.o [1]
bShowEmerScr            0x2000'42d8     0x1  Data  Gb  SerialCommTask.o [1]
bShowInletScr           0x2000'42d9     0x1  Data  Gb  SerialCommTask.o [1]
bShowStartScr           0x2000'42d7     0x1  Data  Gb  SerialCommTask.o [1]
buzzerOnTime            0x2000'4240     0x4  Data  Gb  Seq.o [1]
ddiv                     0x800'2ba3    0x76  Code  Lc  strto64.o [3]
dmul                     0x800'2b2d    0x76  Code  Lc  strto64.o [3]
exit                     0x800'b46f     0x4  Code  Gb  exit.o [2]
free                     0x800'310f     0x4  Code  Gb  heaptramp0.o [2]
frexp                    0x800'5189          Code  Gb  frexp.o [3]
frexpl                   0x800'5189          Code  Gb  frexp.o [3]
hUart1                  0x2000'3e44    0x40  Data  Lc  IUART.o [1]
hUart2                  0x2000'3e84    0x40  Data  Lc  IUART.o [1]
hUart3                  0x2000'3ec4    0x40  Data  Lc  IUART.o [1]
hUart4                  0x2000'3f04    0x40  Data  Lc  IUART.o [1]
ieee754Val              0x2000'4244     0x4  Data  Gb  SerialComm.o [1]
init_mparams             0x800'014b    0x32  Code  Lc  dlmalloc.o [2]
init_top                 0x800'017d    0x36  Code  Lc  dlmalloc.o [2]
isalpha                  0x800'7599    0x14  Code  Gb  isalpha.o [2]
isspace                  0x800'7585    0x14  Code  Gb  isspace.o [2]
ldexp                    0x800'51f9          Code  Gb  ldexp.o [3]
ldexpl                   0x800'51f9          Code  Gb  ldexp.o [3]
localeconv               0x800'75e1     0x4  Code  Gb  xlocale_c.o [2]
main                     0x800'b269    0x14  Code  Gb  main.o [1]
makeFreeRtosPriority     0x800'2819    0x16  Code  Lc  cmsis_os.o [1]
memchr                   0x800'76d1          Code  Gb  memchr.o [4]
mparams                 0x2000'4128    0x18  Data  Lc  dlmalloc.o [2]
nControlTaskState       0x2000'42cc     0x1  Data  Gb  AppData.o [1]
osKernelStart            0x800'282f     0xa  Code  Gb  cmsis_os.o [1]
osSystickHandler         0x800'2867    0x10  Code  Gb  cmsis_os.o [1]
osThreadCreate           0x800'2839    0x2e  Code  Gb  cmsis_os.o [1]
osTick                  0x2000'4264     0x4  Data  Lc  stm32f1xx_it.o [1]
pcInterruptPriorityRegisters
                         0x800'b630     0x4  Data  Lc  port.o [1]
pows                     0x800'b368    0x48  Data  Lc  strto64.o [3]
prepend_alloc            0x800'01b3   0x346  Code  Lc  dlmalloc.o [2]
prvAddCurrentTaskToDelayedList
                         0x800'4399    0x82  Code  Lc  tasks.o [1]
prvAddNewTaskToReadyList
                         0x800'3b3d    0x9e  Code  Lc  tasks.o [1]
prvCheckForValidListAndQueue
                         0x800'7181    0x46  Code  Lc  timers.o [1]
prvCheckTasksWaitingTermination
                         0x800'4163    0x54  Code  Lc  tasks.o [1]
prvCopyDataFromQueue     0x800'8b71    0x36  Code  Lc  queue.o [1]
prvCopyDataToQueue       0x800'8ad5    0x9c  Code  Lc  queue.o [1]
prvDeleteTCB             0x800'41b7    0x12  Code  Lc  tasks.o [1]
prvGetNextExpireTime     0x800'6f79    0x28  Code  Lc  timers.o [1]
prvHeapInit              0x800'6c53    0x62  Code  Lc  heap_4.o [1]
prvIdleTask              0x800'40e1    0x24  Code  Lc  tasks.o [1]
prvInitialiseNewQueue    0x800'8643    0x36  Code  Lc  queue.o [1]
prvInitialiseNewTask     0x800'3a5d    0xe0  Code  Lc  tasks.o [1]
prvInitialiseTaskLists   0x800'410d    0x56  Code  Lc  tasks.o [1]
prvInsertBlockIntoFreeList
                         0x800'6cb5    0x5e  Code  Lc  heap_4.o [1]
prvInsertTimerInActiveList
                         0x800'6fc7    0x50  Code  Lc  timers.o [1]
prvIsQueueEmpty          0x800'8c15    0x1c  Code  Lc  queue.o [1]
prvIsQueueFull           0x800'8c31    0x1e  Code  Lc  queue.o [1]
prvProcessExpiredTimer   0x800'6e95    0x5c  Code  Lc  timers.o [1]
prvProcessReceivedCommands
                         0x800'7017    0xde  Code  Lc  timers.o [1]
prvProcessTimerOrBlockTask
                         0x800'6f0b    0x6e  Code  Lc  timers.o [1]
prvResetNextTaskUnblockTime
                         0x800'41c9    0x26  Code  Lc  tasks.o [1]
prvSampleTimeNow         0x800'6fa1    0x26  Code  Lc  timers.o [1]
prvSampleTimeNow::xLastTime
                        0x2000'42b8     0x4  Data  Lc  timers.o [1]
prvSwitchTimerLists      0x800'70f5    0x8c  Code  Lc  timers.o [1]
prvTaskExitError         0x800'4479    0x2a  Code  Lc  port.o [1]
prvTimerTask             0x800'6ef1    0x1a  Code  Lc  timers.o [1]
prvUnlockQueue           0x800'8ba7    0x6e  Code  Lc  queue.o [1]
pvPortMalloc             0x800'6ab9   0x120  Code  Gb  heap_4.o [1]
pvTaskIncrementMutexHeldCount
                         0x800'4361    0x16  Code  Gb  tasks.o [1]
pxCurrentTCB            0x2000'426c     0x4  Data  Gb  tasks.o [1]
pxCurrentTimerList      0x2000'42a8     0x4  Data  Lc  timers.o [1]
pxDelayedTaskList       0x2000'4270     0x4  Data  Lc  tasks.o [1]
pxEnd                   0x2000'421c     0x4  Data  Lc  heap_4.o [1]
pxOverflowDelayedTaskList
                        0x2000'4274     0x4  Data  Lc  tasks.o [1]
pxOverflowTimerList     0x2000'42ac     0x4  Data  Lc  timers.o [1]
pxPortInitialiseStack    0x800'4459    0x20  Code  Gb  port.o [1]
pxReadyTasksLists       0x2000'3c0c    0x8c  Data  Lc  tasks.o [1]
rxFlowBuffer            0x2000'3fc4    0x40  Data  Gb  SerialCommTask.o [1]
rxQue                   0x2000'288c   0x20c  Data  Lc  IUART.o [1]
rxQueA                  0x2000'2ca4   0x20c  Data  Lc  IUART.o [1]
rxQueS1                 0x2000'30bc   0x20c  Data  Lc  IUART.o [1]
rxQueS2                 0x2000'34d4   0x20c  Data  Lc  IUART.o [1]
rxTestBuffer            0x2000'3f84    0x40  Data  Gb  SerialCommTask.o [1]
rxTestBufferS1          0x2000'4004    0x40  Data  Gb  SerialCommTask.o [1]
rxTestBufferS2          0x2000'4044    0x40  Data  Gb  SerialCommTask.o [1]
scalbln                  0x800'51f9          Code  Gb  ldexp.o [3]
scalblnl                 0x800'51f9          Code  Gb  ldexp.o [3]
scalbn                   0x800'51f9          Code  Gb  ldexp.o [3]
scalbnl                  0x800'51f9          Code  Gb  ldexp.o [3]
scale                    0x800'61f5    0x46  Code  Lc  xprintflarge_nomb.o [2]
sec_hand                0x2000'42c0     0x4  Data  Lc  xfail_s.o [2]
segment_holding          0x800'0131    0x1a  Code  Lc  dlmalloc.o [2]
sprintf                  0x800'37bd    0x40  Code  Gb  sprintf.o [2]
strchr                   0x800'8259          Code  Gb  strchr.o [4]
strlen                   0x800'2af5          Code  Gb  strlen.o [4]
sys_alloc                0x800'06f1   0x164  Code  Lc  dlmalloc.o [2]
sys_trim                 0x800'0855    0x64  Code  Lc  dlmalloc.o [2]
tmalloc_large            0x800'08c5   0x386  Code  Lc  dlmalloc.o [2]
tmalloc_small            0x800'0c4b   0x200  Code  Lc  dlmalloc.o [2]
txQue                   0x2000'2a98   0x20c  Data  Lc  IUART.o [1]
txQueA                  0x2000'2eb0   0x20c  Data  Lc  IUART.o [1]
txQueS1                 0x2000'32c8   0x20c  Data  Lc  IUART.o [1]
txQueS2                 0x2000'36e0   0x20c  Data  Lc  IUART.o [1]
uCRCErrorWorkaroundCheck
                        0x2000'42db     0x1  Data  Gb  stm32f1xx_hal_spi_ex.o [1]
ucHeap                  0x2000'008c  0x2800  Data  Lc  heap_4.o [1]
ucMaxSysCallPriority    0x2000'42d5     0x1  Data  Lc  port.o [1]
ulMaxPRIGROUPValue      0x2000'4230     0x4  Data  Lc  port.o [1]
uwTick                  0x2000'4260     0x4  Data  Gb  stm32f1xx_hal.o [1]
uwTickFreq              0x2000'008b     0x1  Data  Gb  stm32f1xx_hal.o [1]
uxCriticalNesting       0x2000'0000     0x4  Data  Lc  port.o [1]
uxCurrentNumberOfTasks  0x2000'427c     0x4  Data  Lc  tasks.o [1]
uxDeletedTasksWaitingCleanUp
                        0x2000'4278     0x4  Data  Lc  tasks.o [1]
uxListRemove             0x800'6da3    0x28  Code  Gb  list.o [1]
uxPendedTicks           0x2000'428c     0x4  Data  Lc  tasks.o [1]
uxSchedulerSuspended    0x2000'42a4     0x4  Data  Lc  tasks.o [1]
uxTaskNumber            0x2000'4298     0x4  Data  Lc  tasks.o [1]
uxTopReadyPriority      0x2000'4284     0x4  Data  Lc  tasks.o [1]
vListInitialise          0x800'6d31    0x1e  Code  Gb  list.o [1]
vListInitialiseItem      0x800'6d4f     0x6  Code  Gb  list.o [1]
vListInsert              0x800'6d6d    0x36  Code  Gb  list.o [1]
vListInsertEnd           0x800'6d55    0x18  Code  Gb  list.o [1]
vPortEnterCritical       0x800'4517    0x34  Code  Gb  port.o [1]
vPortExitCritical        0x800'454b    0x2c  Code  Gb  port.o [1]
vPortFree                0x800'6bd9    0x74  Code  Gb  heap_4.o [1]
vPortStartFirstTask      0x800'7257          Code  Gb  portasm.o [1]
vPortValidateInterruptPriority
                         0x800'45a1    0x4e  Code  Gb  port.o [1]
vQueueAddToRegistry      0x800'8c4f    0x26  Code  Gb  queue.o [1]
vQueueWaitForMessageRestricted
                         0x800'8c7d    0x4c  Code  Gb  queue.o [1]
vTaskDelay               0x800'3bdb    0x4e  Code  Gb  tasks.o [1]
vTaskMissedYield         0x800'40d7     0xa  Code  Gb  tasks.o [1]
vTaskPlaceOnEventList    0x800'3f0d    0x34  Code  Gb  tasks.o [1]
vTaskPlaceOnEventListRestricted
                         0x800'3f55    0x40  Code  Gb  tasks.o [1]
vTaskPriorityInherit     0x800'4215    0x9a  Code  Gb  tasks.o [1]
vTaskSetTimeOutState     0x800'4025    0x26  Code  Gb  tasks.o [1]
vTaskStartScheduler      0x800'3c29    0x72  Code  Gb  tasks.o [1]
vTaskSuspendAll          0x800'3c9b     0xc  Code  Gb  tasks.o [1]
vTaskSwitchContext       0x800'3ea1    0x6c  Code  Gb  tasks.o [1]
xActiveTimerList1       0x2000'41b8    0x14  Data  Lc  timers.o [1]
xActiveTimerList2       0x2000'41cc    0x14  Data  Lc  timers.o [1]
xBlockAllocatedBit      0x2000'4228     0x4  Data  Lc  heap_4.o [1]
xDelayedTaskList1       0x2000'4154    0x14  Data  Lc  tasks.o [1]
xDelayedTaskList2       0x2000'4168    0x14  Data  Lc  tasks.o [1]
xFreeBytesRemaining     0x2000'4220     0x4  Data  Lc  heap_4.o [1]
xHeapStructSize          0x800'b62c     0x4  Data  Lc  heap_4.o [1]
xIdleTaskHandle         0x2000'42a0     0x4  Data  Lc  tasks.o [1]
xMinimumEverFreeBytesRemaining
                        0x2000'4224     0x4  Data  Lc  heap_4.o [1]
xNextTaskUnblockTime    0x2000'429c     0x4  Data  Lc  tasks.o [1]
xNumOfOverflows         0x2000'4294     0x4  Data  Lc  tasks.o [1]
xPendingReadyList       0x2000'417c    0x14  Data  Lc  tasks.o [1]
xPortGetFreeHeapSize     0x800'6c4d     0x6  Code  Gb  heap_4.o [1]
xPortStartScheduler      0x800'44a3    0x74  Code  Gb  port.o [1]
xPortSysTickHandler      0x800'4577    0x28  Code  Gb  port.o [1]
xQueueGenericCreate      0x800'85ed    0x56  Code  Gb  queue.o [1]
xQueueGenericReceive     0x800'88ff   0x1d6  Code  Gb  queue.o [1]
xQueueGenericReset       0x800'8559    0x94  Code  Gb  queue.o [1]
xQueueGenericSend        0x800'8679   0x1a6  Code  Gb  queue.o [1]
xQueueGenericSendFromISR
                         0x800'881f    0xe0  Code  Gb  queue.o [1]
xQueueRegistry          0x2000'3f44    0x40  Data  Gb  queue.o [1]
xSchedulerRunning       0x2000'4288     0x4  Data  Lc  tasks.o [1]
xStart                  0x2000'420c     0x8  Data  Lc  heap_4.o [1]
xSuspendedTaskList      0x2000'41a4    0x14  Data  Lc  tasks.o [1]
xTaskCheckForTimeOut     0x800'4055    0x82  Code  Gb  tasks.o [1]
xTaskCreate              0x800'39e9    0x74  Code  Gb  tasks.o [1]
xTaskGetSchedulerState   0x800'41ef    0x20  Code  Gb  tasks.o [1]
xTaskGetTickCount        0x800'3d8f     0x8  Code  Gb  tasks.o [1]
xTaskIncrementTick       0x800'3d97   0x10a  Code  Gb  tasks.o [1]
xTaskPriorityDisinherit
                         0x800'42af    0xb2  Code  Gb  tasks.o [1]
xTaskRemoveFromEventList
                         0x800'3f9d    0x82  Code  Gb  tasks.o [1]
xTaskResumeAll           0x800'3ca7    0xe8  Code  Gb  tasks.o [1]
xTasksWaitingTermination
                        0x2000'4190    0x14  Data  Lc  tasks.o [1]
xTickCount              0x2000'4280     0x4  Data  Lc  tasks.o [1]
xTimerCreateTimerTask    0x800'6dcd    0x46  Code  Gb  timers.o [1]
xTimerGenericCommand     0x800'6e13    0x82  Code  Gb  timers.o [1]
xTimerQueue             0x2000'42b0     0x4  Data  Lc  timers.o [1]
xTimerTaskHandle        0x2000'42b4     0x4  Data  Lc  timers.o [1]
xYieldPending           0x2000'4290     0x4  Data  Lc  tasks.o [1]


[1] = D:\Work\2. ECMO\Firmware\Controller\trunk\EWARM\Debug\Obj
[2] = dl7M_tlf.a
[3] = m7M_tl.a
[4] = rt7M_tl.a
[5] = shb_l.a

  46 344 bytes of readonly  code memory
     584 bytes of readonly  data memory
  25 308 bytes of readwrite data memory

Errors: none
Warnings: none
